// Jest Snapshot v1, https://goo.gl/fbAQLP

exports[`Scroll should match snapshot 1`] = `ShallowWrapper {}`;
